<?xml version="1.0" encoding="UTF-8"?>
<TestRun id="352efce5-d8f5-4e44-87ac-14930a3d430d" name="perezj@INTLT-JP 2012-03-31 17:04:35" runUser="DEV\perezj" xmlns="http://microsoft.com/schemas/VisualStudio/TeamTest/2010">
  <TestSettings name="Mock &lt;h1&gt;Test&lt;/h1&gt;" id="439f2755-c443-4bab-b910-8cfcc2baf5aa">
    <Description>These are &lt;strong&gt;default&lt;/strong&gt; test settings for a local test run.</Description>
    <Deployment enabled="false" runDeploymentRoot="perezj_INTLT-JP 2012-03-31 17_04_35" />
    <Execution>
      <TestTypeSpecific>
        <UnitTestRunConfig testTypeId="13cdc9d9-ddb5-4fa4-a97d-d965ccfc6d4b">
          <AssemblyResolution>
            <TestDirectory useLoadContext="true" />
          </AssemblyResolution>
        </UnitTestRunConfig>
      </TestTypeSpecific>
      <AgentRule name="LocalMachineDefaultRole">
      </AgentRule>
    </Execution>
  </TestSettings>
  <Times creation="2012-03-31T17:04:35.4270716+11:00" queuing="2012-03-31T17:04:36.5034734+11:00" start="2012-03-31T17:04:36.6126736+11:00" finish="2012-03-31T17:04:36.8934741+11:00" />
  <ResultSummary outcome="Failed">
    <Counters total="1" executed="1" error="0" failed="1" timeout="0" aborted="0" inconclusive="0" passedButRunAborted="0" notRunnable="0" notExecuted="0" disconnected="0" warning="0" passed="0" completed="0" inProgress="0" pending="0" />
  </ResultSummary>
  <TestDefinitions>
    <UnitTest name="Add_Two_Valid_Numbers" storage="c:\users\perezj\documents\visual studio 2010\projects\arepamocks\arepamocks.testwithhtmltags\bin\debug\arepamocks.testwithhtmltags.dll" id="a109ae50-acac-0b9c-9abb-76de181b3c5f">
      <Execution id="49306db8-1b01-495a-8939-ce3d92ad7a29" />
      <TestMethod codeBase="C:/Users/PerezJ/Documents/Visual Studio 2010/Projects/ArepaMocks/ArepaMocks.TestWithHTMLTags/bin/Debug/ArepaMocks.TestWithHTMLTags.DLL" adapterTypeName="Microsoft.VisualStudio.TestTools.TestTypes.Unit.UnitTestAdapter, Microsoft.VisualStudio.QualityTools.Tips.UnitTest.Adapter, Version=10.0.0.0, Culture=neutral, PublicKeyToken=b03f5f7f11d50a3a" className="ArepaMocks.TestWithHTMLTags.AddTwoNumbers, ArepaMocks.TestWithHTMLTags, Version=1.0.0.0, Culture=neutral, PublicKeyToken=null" name="Add_Two_Valid_Numbers" />
    </UnitTest>
  </TestDefinitions>
  <TestLists>
    <TestList name="Results Not in a List" id="8c84fa94-04c1-424b-9868-57a2d4851a1d" />
    <TestList name="All Loaded Results" id="19431567-8539-422a-85d7-44ee4e166bda" />
  </TestLists>
  <TestEntries>
    <TestEntry testId="a109ae50-acac-0b9c-9abb-76de181b3c5f" executionId="49306db8-1b01-495a-8939-ce3d92ad7a29" testListId="8c84fa94-04c1-424b-9868-57a2d4851a1d" />
  </TestEntries>
  <Results>
    <UnitTestResult executionId="49306db8-1b01-495a-8939-ce3d92ad7a29" testId="a109ae50-acac-0b9c-9abb-76de181b3c5f" testName="Add_Two_Valid_Numbers" computerName="INTLT-JP" duration="00:00:00.0328790" startTime="2012-03-31T17:04:36.6282737+11:00" endTime="2012-03-31T17:04:36.8622741+11:00" testType="13cdc9d9-ddb5-4fa4-a97d-d965ccfc6d4b" outcome="Failed" testListId="8c84fa94-04c1-424b-9868-57a2d4851a1d" relativeResultsDirectory="49306db8-1b01-495a-8939-ce3d92ad7a29">
      <Output>
        <ErrorInfo>
          <Message>Assert.IsFalse failed. Html error &lt;strong&gt;here&lt;/strong&gt;</Message>
          <StackTrace>   at ArepaMocks.TestWithHTMLTags.AddTwoNumbers.Add_Two_Valid_Numbers() in C:\Users\PerezJ\Documents\Visual Studio 2010\Projects\ArepaMocks\ArepaMocks.TestWithHTMLTags\AddTwoNumbers.cs:line 31
</StackTrace>
        </ErrorInfo>
      </Output>
    </UnitTestResult>
  </Results>
</TestRun>